C51 COMPILER V9.01   DS1302                                                                11/27/2017 15:21:57 PAGE 1   


C51 COMPILER V9.01, COMPILATION OF MODULE DS1302
OBJECT MODULE PLACED IN ..\Output\ds1302.obj
COMPILER INVOKED BY: D:\Keil_v4\C51\BIN\C51.EXE ..\Hardware\ds1302\ds1302.c BROWSE INCDIR(..\Hardware\digital_tube;..\Us
                    -er\timer;..\User\uart;..\Hardware\beep;..\Hardware\dht11;..\Hardware\digital_tube;..\Hardware\ds1302;..\Hardware\keyboar
                    -d;..\Hardware\lcd12864;..\Hardware\lcd1602;..\Hardware\led;..\Hardware\pm2_5;..\Hardware\uart_tft;..\Lib\delay;..\User) 
                    -DEBUG OBJECTEXTEND PRINT(..\Listing\ds1302.lst) OBJECT(..\Output\ds1302.obj)

line level    source

   1          /*
   2           *****************************************************************************************
   3           *      文 件 名 称:ds1302.c
   4           *  创 建 平 台：Keil uVision4
   5           *      创 建 作 者：miki
   6           *  文 件 功 能：ds1302时钟芯片初始化及其配置
   7           *  github 地 址：
   8           *      创 建 日 期：2017-11-27
   9           *****************************************************************************************
  10           */
  11          
  12          /************************************* 包含头文件 ***************************************/
  13          #include "ds1302.h"
  14          #include "lcd1602.h"
  15          
  16          /************************************* 全局变量定义 **************************************/
  17          u8 miao,shi,fen,ri,yue,nian,week;
  18          
  19          
  20          /*************************************** IO口定义 ****************************************/
  21          sbit SCLK=P1^0; 
  22          sbit IO=P1^1;    
  23          sbit RST=P1^2;  
  24          sbit ACC0=ACC^0;
  25          sbit ACC7=ACC^7;
  26          
  27          /********************************** 扩展全局变量定义 ************************************/
  28          
  29          
  30          /************************************ 局部函数定义 **************************************/
  31          
  32          
  33          /********************ds1302****************************/
  34          void write_byte(u8 dat)
  35          {
  36   1              u8 a;
  37   1              ACC=dat;
  38   1              RST=1;
  39   1              for(a=8;a>0;a--)
  40   1              {
  41   2                      IO=ACC0;
  42   2                      SCLK=0;
  43   2                      SCLK=1;
  44   2                      ACC=ACC>>1;
  45   2              }
  46   1      }
  47          
  48          u8 read_byte()
  49          {
  50   1              u8 a;
  51   1              RST=1;
  52   1              for(a=8;a>0;a--)
C51 COMPILER V9.01   DS1302                                                                11/27/2017 15:21:57 PAGE 2   

  53   1              {
  54   2                      ACC7=IO;
  55   2                      SCLK=1;
  56   2                      SCLK=0;
  57   2                      ACC=ACC>>1;
  58   2      
  59   2              }
  60   1              return (ACC);
  61   1      }
  62          
  63          void write_1302(u8 add,u8 dat)
  64          {
  65   1      
  66   1              RST=0;
  67   1              SCLK=0;
  68   1              RST=1;
  69   1              write_byte(add);
  70   1              write_byte(dat);
  71   1              SCLK=1;
  72   1              RST=0;
  73   1      }
  74          
  75          u8 read_1302(u8 add)
  76          {
  77   1              u8 temp;
  78   1              RST=0;
  79   1              SCLK=0;
  80   1              RST=1;
  81   1              write_byte(add);
  82   1              temp=read_byte();
  83   1              SCLK=1;
  84   1              RST=0;
  85   1              return(temp);
  86   1      }
  87          
  88          u8 BCD_Decimal(u8 bcd)
  89          {
  90   1               u8 Decimal;
  91   1               Decimal=bcd>>4;
  92   1               return(Decimal=Decimal*10+(bcd&=0x0F));
  93   1      }
  94          
  95          void ds1302_init(void)
  96          {
  97   1              RST=0;
  98   1              SCLK=0;
  99   1              write_1302(0x80,miao|0x00);//允许写
 100   1      }
 101          
 102          
 103                  
 104          
 105          void write_sfm(u8 add,u8 dat)//写时分秒
 106          {
 107   1              u8 gw,sw;
 108   1              gw=dat%10;
 109   1              sw=dat/10;
 110   1              write_1602com(er+add);
 111   1              write_1602dat(0x30+sw);
 112   1              write_1602dat(0x30+gw);
 113   1      }
 114          
C51 COMPILER V9.01   DS1302                                                                11/27/2017 15:21:57 PAGE 3   

 115          void write_nyr(u8 add,u8 dat)
 116          {
 117   1              u8 gw,sw;
 118   1              gw=dat%10;
 119   1              sw=dat/10;
 120   1              write_1602com(yh+add);
 121   1              write_1602dat(0x30+sw);
 122   1              write_1602dat(0x30+gw);
 123   1              
 124   1      
 125   1      }
 126          void write_week(u8 week)//写星期函数
 127          {
 128   1              write_1602com(yh+0x0d);
 129   1              switch(week)
 130   1              {
 131   2                      case 1:write_1602dat('M');//delay(5);
 132   2                                 write_1602dat('O');//delay(5);
 133   2                                 write_1602dat('N');
 134   2                                 break;
 135   2                 
 136   2                      case 2:write_1602dat('T');//delay(5);
 137   2                                 write_1602dat('U');//delay(5);
 138   2                                 write_1602dat('E');
 139   2                                 break;
 140   2                      
 141   2                      case 3:write_1602dat('W');//delay(5);
 142   2                                 write_1602dat('E');//delay(5);
 143   2                                 write_1602dat('D');
 144   2                                 break;
 145   2                      
 146   2                      case 4:write_1602dat('T');//delay(5);
 147   2                                 write_1602dat('H');//delay(5);
 148   2                                 write_1602dat('U');
 149   2                                 break;
 150   2                      
 151   2                      case 5:write_1602dat('F');//delay(5);
 152   2                                 write_1602dat('R');//delay(5);
 153   2                                 write_1602dat('I');
 154   2                                 break;
 155   2                      
 156   2                      case 6:write_1602dat('S');//delay(5);
 157   2                                 write_1602dat('T');//delay(5);
 158   2                                 write_1602dat('A');
 159   2                                 break;
 160   2                      
 161   2                      case 7:write_1602dat('S');//delay(5);
 162   2                                 write_1602dat('U');//delay(5);
 163   2                                 write_1602dat('N');
 164   2                                 break;
 165   2              }
 166   1      }
 167          
 168          


MODULE INFORMATION:   STATIC OVERLAYABLE
   CODE SIZE        =    320    ----
   CONSTANT SIZE    =   ----    ----
   XDATA SIZE       =   ----    ----
   PDATA SIZE       =   ----    ----
   DATA SIZE        =      7       5
C51 COMPILER V9.01   DS1302                                                                11/27/2017 15:21:57 PAGE 4   

   IDATA SIZE       =   ----    ----
   BIT SIZE         =   ----    ----
END OF MODULE INFORMATION.


C51 COMPILATION COMPLETE.  0 WARNING(S),  0 ERROR(S)
