C51 COMPILER V9.01   TIMER                                                                 11/27/2017 15:21:57 PAGE 1   


C51 COMPILER V9.01, COMPILATION OF MODULE TIMER
OBJECT MODULE PLACED IN ..\Output\timer.obj
COMPILER INVOKED BY: D:\Keil_v4\C51\BIN\C51.EXE ..\User\timer\timer.c BROWSE INCDIR(..\Hardware\digital_tube;..\User\tim
                    -er;..\User\uart;..\Hardware\beep;..\Hardware\dht11;..\Hardware\digital_tube;..\Hardware\ds1302;..\Hardware\keyboard;..\H
                    -ardware\lcd12864;..\Hardware\lcd1602;..\Hardware\led;..\Hardware\pm2_5;..\Hardware\uart_tft;..\Lib\delay;..\User) DEBUG 
                    -OBJECTEXTEND PRINT(..\Listing\timer.lst) OBJECT(..\Output\timer.obj)

line level    source

   1          /*
   2           *****************************************************************************************
   3           *      文 件 名 称:timer.c
   4           *  创 建 平 台：Keil uVision4
   5           *      创 建 作 者：miki
   6           *  文 件 功 能：定时器初始化及其配置
   7           *  github 地 址：
   8           *      创 建 日 期：2017-11-18
   9           *****************************************************************************************
  10           */
  11          
  12          /************************************* 包含头文件 ***************************************/
  13          #include "timer.h"
  14          #include "ds1302.h"
  15          
  16          /************************************* 全局变量定义 **************************************/
  17          u8 GlobalInterruptAdd;
  18          
  19          /*
  20           *****************************************************************************************
  21           * 函数名称：timer0InterruptInit
  22           * 函数功能：定时器0及其中断初始化
  23           * 输入参数：无
  24           * 输出参数：无
  25           * 其他说明：无
  26           ******************************************************************************************
  27           */
  28          void timer0InterruptInit(void)
  29          {       
  30   1              TMOD = 0x11;
  31   1              TH0 = 0;
  32   1              TL0 = 0;
  33   1              EA = 1;
  34   1              ET0 = 1;
  35   1              TR0=1;
  36   1      }
  37          
  38          /*
  39           *****************************************************************************************
  40           * 函数名称：timer0InterruptHandler
  41           * 函数功能：定时器0中断服务函数
  42           * 输入参数：无
  43           * 输出参数：无
  44           * 其他说明：无
  45           ******************************************************************************************
  46           */
  47          void timer0InterruptHandler() interrupt 1
  48          {
  49   1              miao = BCD_Decimal(read_1302(0x81));
  50   1              fen = BCD_Decimal(read_1302(0x83));
  51   1              shi  = BCD_Decimal(read_1302(0x85));
  52   1              ri  = BCD_Decimal(read_1302(0x87));
C51 COMPILER V9.01   TIMER                                                                 11/27/2017 15:21:57 PAGE 2   

  53   1              yue = BCD_Decimal(read_1302(0x89));
  54   1              nian=BCD_Decimal(read_1302(0x8d));
  55   1              week=BCD_Decimal(read_1302(0x8b));
  56   1      
  57   1              write_sfm(10,miao);
  58   1              write_sfm(7,fen);
  59   1              write_sfm(4,shi);
  60   1              
  61   1              write_nyr(10,ri);
  62   1          write_nyr(7,yue);
  63   1      
  64   1      }
  65          


MODULE INFORMATION:   STATIC OVERLAYABLE
   CODE SIZE        =    176    ----
   CONSTANT SIZE    =   ----    ----
   XDATA SIZE       =   ----    ----
   PDATA SIZE       =   ----    ----
   DATA SIZE        =      1    ----
   IDATA SIZE       =   ----    ----
   BIT SIZE         =   ----    ----
END OF MODULE INFORMATION.


C51 COMPILATION COMPLETE.  0 WARNING(S),  0 ERROR(S)
